******************************************************************************
                  TI ARM Linker PC v20.2.7                     
******************************************************************************
>> Linked Wed Dec 11 06:04:14 2024

OUTPUT FILE NAME:   <ProyectoF.out>
ENTRY POINT SYMBOL: "_c_int00_noargs"  address: 00002799


MEMORY CONFIGURATION

         name            origin    length      used     unused   attr    fill
----------------------  --------  ---------  --------  --------  ----  --------
  FLASH                 00000000   00100000  000028ec  000fd714  R  X
  SRAM                  20000000   00040000  00000332  0003fcce  RW X


SEGMENT ALLOCATION MAP

run origin  load origin   length   init length attrs members
----------  ----------- ---------- ----------- ----- -------
00000000    00000000    000028f0   000028f0    r-x
  00000000    00000000    00000208   00000208    r-- .intvecs
  00000208    00000208    0000266c   0000266c    r-x .text
  00002878    00002878    00000040   00000040    r-- .const
  000028b8    000028b8    00000038   00000038    r-- .cinit
20000000    20000000    00000335   00000000    rw-
  20000000    20000000    00000200   00000000    rw- .stack
  20000200    20000200    00000111   00000000    rw- .bss
  20000314    20000314    00000021   00000000    rw- .data


SECTION ALLOCATION MAP

 output                                  attributes/
section   page    origin      length       input sections
--------  ----  ----------  ----------   ----------------
.intvecs   0    00000000    00000208     
                  00000000    00000208     tm4c1292ncpdt_startup_ccs.obj (.intvecs)

.text      0    00000208    0000266c     
                  00000208    000009d0     rtsv7M4_T_le_v4SPD16_eabi.lib : e_pow.c.obj (.text:pow)
                  00000bd8    0000077c     BMP280_I2C.obj (.text)
                  00001354    00000414     main.obj (.text)
                  00001768    00000210     dht_11.obj (.text)
                  00001978    000001b6     rtsv7M4_T_le_v4SPD16_eabi.lib : fd_add_t2.asm.obj (.text)
                  00001b2e    00000002                                   : div0.asm.obj (.text)
                  00001b30    00000158                                   : e_sqrt.c.obj (.text:sqrt)
                  00001c88    00000148     keypad.obj (.text)
                  00001dd0    00000136     rtsv7M4_T_le_v4SPD16_eabi.lib : fd_div_t2.asm.obj (.text)
                  00001f06    00000002     --HOLE-- [fill = 0]
                  00001f08    00000110                                   : s_scalbn.c.obj (.text:scalbn)
                  00002018    000000fc                                   : fd_mul_t2.asm.obj (.text)
                  00002114    000000e4     Motor.obj (.text)
                  000021f8    000000e0     pwm_Luz.obj (.text)
                  000022d8    0000009c     rtsv7M4_T_le_v4SPD16_eabi.lib : memcpy_t2.asm.obj (.text)
                  00002374    00000096                                   : ull_div_t2.asm.obj (.text)
                  0000240a    00000086                                   : fd_cmp_t2.asm.obj (.text:__aeabi_cdcmple)
                  00002490    00000086                                   : fd_cmp_t2.asm.obj (.text:__aeabi_cdrcmple)
                  00002516    0000007a                                   : memset_t2.asm.obj (.text)
                  00002590    0000006e                                   : fd_tos_t2.asm.obj (.text)
                  000025fe    0000006e                                   : ll_div_t2.asm.obj (.text)
                  0000266c    00000068                                   : copy_decompress_lzss.c.obj (.text:decompress:lzss:__TI_decompress_lzss)
                  000026d4    00000048                                   : ll_tofs_t2.asm.obj (.text)
                  0000271c    00000044                                   : autoinit.c.obj (.text:__TI_auto_init_nobinit_nopinit:__TI_auto_init_nobinit_nopinit)
                  00002760    00000038                                   : fs_tod_t2.asm.obj (.text)
                  00002798    00000034                                   : boot_cortex_m.c.obj (.text:_c_int00_noargs:_c_int00_noargs)
                  000027cc    0000002e                                   : i_tofd_t2.asm.obj (.text)
                  000027fa    0000001c                                   : copy_zero_init.c.obj (.text:decompress:ZI:__TI_zero_init_nomemset:__TI_zero_init_nomemset)
                  00002816    0000001a                                   : s_copysign.c.obj (.text:copysign)
                  00002830    00000018                                   : ll_mul_t2.asm.obj (.text)
                  00002848    0000000e                                   : copy_decompress_none.c.obj (.text:decompress:none:__TI_decompress_none)
                  00002856    0000000c     tm4c1292ncpdt_startup_ccs.obj (.text)
                  00002862    00000002     --HOLE-- [fill = 0]
                  00002864    00000008     rtsv7M4_T_le_v4SPD16_eabi.lib : errno.c.obj (.text:__aeabi_errno_addr)
                  0000286c    00000004                                   : pre_init.c.obj (.text:_system_pre_init)
                  00002870    00000004                                   : exit.c.obj (.text:abort:abort)

.const     0    00002878    00000040     
                  00002878    00000030     rtsv7M4_T_le_v4SPD16_eabi.lib : e_pow.c.obj (.const:$O1$$)
                  000028a8    00000010     keypad.obj (.const:keymap)

.cinit     0    000028b8    00000038     
                  000028b8    00000014     (.cinit..data.load) [load image, compression = lzss]
                  000028cc    0000000c     (__TI_handler_table)
                  000028d8    00000008     (.cinit..bss.load) [load image, compression = zero_init]
                  000028e0    00000010     (__TI_cinit_table)

.init_array 
*          0    00000000    00000000     UNINITIALIZED

.bss       0    20000200    00000111     UNINITIALIZED
                  20000200    000000b0     (.common:D_Aux)
                  200002b0    00000030     (.common:Dato)
                  200002e0    0000000c     (.common:D)
                  200002ec    00000004     (.common:adc_P)
                  200002f0    00000004     (.common:adc_T)
                  200002f4    00000004     (.common:t_fine)
                  200002f8    00000002     (.common:dig_P1)
                  200002fa    00000002     (.common:dig_P2)
                  200002fc    00000002     (.common:dig_P3)
                  200002fe    00000002     (.common:dig_P4)
                  20000300    00000002     (.common:dig_P5)
                  20000302    00000002     (.common:dig_P6)
                  20000304    00000002     (.common:dig_P7)
                  20000306    00000002     (.common:dig_P8)
                  20000308    00000002     (.common:dig_P9)
                  2000030a    00000002     (.common:dig_T1)
                  2000030c    00000002     (.common:dig_T2)
                  2000030e    00000002     (.common:dig_T3)
                  20000310    00000001     (.common:error)

.data      0    20000314    00000021     UNINITIALIZED
                  20000314    00000018     main.obj (.data)
                  2000032c    00000004     BMP280_I2C.obj (.data)
                  20000330    00000004     rtsv7M4_T_le_v4SPD16_eabi.lib : errno.c.obj (.data)
                  20000334    00000001     dht_11.obj (.data)

.stack     0    20000000    00000200     UNINITIALIZED
                  20000000    00000004     rtsv7M4_T_le_v4SPD16_eabi.lib : boot_cortex_m.c.obj (.stack)
                  20000004    000001fc     --HOLE--

__llvm_prf_cnts 
*          0    20000000    00000000     UNINITIALIZED

MODULE SUMMARY

       Module                          code   ro data   rw data
       ------                          ----   -------   -------
    .\
       BMP280_I2C.obj                  1916   0         277    
       main.obj                        1044   0         24     
       tm4c1292ncpdt_startup_ccs.obj   12     520       0      
       dht_11.obj                      528    0         1      
       keypad.obj                      328    16        0      
       Motor.obj                       228    0         0      
       pwm_Luz.obj                     224    0         0      
    +--+-------------------------------+------+---------+---------+
       Total:                          4280   536       302    
                                                               
    C:\ti\ccs1280\ccs\tools\compiler\ti-cgt-arm_20.2.7.LTS\lib\rtsv7M4_T_le_v4SPD16_eabi.lib
       e_pow.c.obj                     2512   48        0      
       fd_add_t2.asm.obj               438    0         0      
       e_sqrt.c.obj                    344    0         0      
       fd_div_t2.asm.obj               310    0         0      
       s_scalbn.c.obj                  272    0         0      
       fd_cmp_t2.asm.obj               268    0         0      
       fd_mul_t2.asm.obj               252    0         0      
       memcpy_t2.asm.obj               156    0         0      
       ull_div_t2.asm.obj              150    0         0      
       memset_t2.asm.obj               122    0         0      
       fd_tos_t2.asm.obj               110    0         0      
       ll_div_t2.asm.obj               110    0         0      
       copy_decompress_lzss.c.obj      104    0         0      
       ll_tofs_t2.asm.obj              72     0         0      
       autoinit.c.obj                  68     0         0      
       fs_tod_t2.asm.obj               56     0         0      
       boot_cortex_m.c.obj             52     0         0      
       i_tofd_t2.asm.obj               46     0         0      
       copy_zero_init.c.obj            28     0         0      
       s_copysign.c.obj                26     0         0      
       ll_mul_t2.asm.obj               24     0         0      
       copy_decompress_none.c.obj      14     0         0      
       errno.c.obj                     8      0         4      
       exit.c.obj                      4      0         0      
       pre_init.c.obj                  4      0         0      
       div0.asm.obj                    2      0         0      
    +--+-------------------------------+------+---------+---------+
       Total:                          5552   48        4      
                                                               
       Stack:                          0      0         512    
       Linker Generated:               0      56        0      
    +--+-------------------------------+------+---------+---------+
       Grand Total:                    9832   640       818    


LINKER GENERATED COPY TABLES

__TI_cinit_table @ 000028e0 records: 2, size/record: 8, table size: 16
	.data: load addr=000028b8, load size=00000014 bytes, run addr=20000314, run size=00000021 bytes, compression=lzss
	.bss: load addr=000028d8, load size=00000008 bytes, run addr=20000200, run size=00000111 bytes, compression=zero_init


LINKER GENERATED HANDLER TABLE

__TI_handler_table @ 000028cc records: 3, size/record: 4, table size: 12
	index: 0, handler: __TI_decompress_lzss
	index: 1, handler: __TI_decompress_none
	index: 2, handler: __TI_zero_init


GLOBAL SYMBOLS: SORTED ALPHABETICALLY BY Name 

address   name                          
-------   ----                          
00000c8d  BMP280_I2C_Init               
00002871  C$$EXIT                       
00002115  ConfigurarPWM                 
000021f9  ConfigurarPWM1                
200002e0  D                             
000017fb  DHT_Init                      
0000184b  DHT_ReadData                  
00001807  DHT_StartSignal               
20000200  D_Aux                         
200002b0  Dato                          
00001769  GPIO_Init                     
00000c19  I2C_Init                      
00002195  ModificarCicloTrabajo         
00002273  ModificarCicloTrabajo1        
00000ce5  ReadDataBMP280_I2C            
000012b1  Read_Heig_BMP280_I2C          
0000109d  Read_Pres_BMP280_I2C          
00000f99  Read_Temp_BMP280_I2C          
00002857  ResetISR                      
2000032c  TPR                           
000017ed  Timer0A_Handler               
000017c1  Timer_DelayUs                 
00001787  Timer_Init                    
20000200  __STACK_END                   
00000200  __STACK_SIZE                  
20000200  __STACK_TOP                   
000028e0  __TI_CINIT_Base               
000028f0  __TI_CINIT_Limit              
000028cc  __TI_Handler_Table_Base       
000028d8  __TI_Handler_Table_Limit      
0000271d  __TI_auto_init_nobinit_nopinit
0000266d  __TI_decompress_lzss          
00002849  __TI_decompress_none          
ffffffff  __TI_pprof_out_hndl           
ffffffff  __TI_prof_data_size           
ffffffff  __TI_prof_data_start          
00000000  __TI_static_base__            
000027fb  __TI_zero_init_nomemset       
0000240b  __aeabi_cdcmpeq               
0000240b  __aeabi_cdcmple               
00002491  __aeabi_cdrcmple              
00002591  __aeabi_d2f                   
00001983  __aeabi_dadd                  
00001dd1  __aeabi_ddiv                  
00002019  __aeabi_dmul                  
00001979  __aeabi_dsub                  
00002865  __aeabi_errno_addr            
00002761  __aeabi_f2d                   
000027cd  __aeabi_i2d                   
00001b2f  __aeabi_idiv0                 
000026d5  __aeabi_l2f                   
00001b2f  __aeabi_ldiv0                 
000025ff  __aeabi_ldivmod               
00002831  __aeabi_lmul                  
00002517  __aeabi_memclr                
00002517  __aeabi_memclr4               
00002517  __aeabi_memclr8               
000022d9  __aeabi_memcpy                
000022d9  __aeabi_memcpy4               
000022d9  __aeabi_memcpy8               
00002519  __aeabi_memset                
00002519  __aeabi_memset4               
00002519  __aeabi_memset8               
00002375  __aeabi_uldivmod              
ffffffff  __binit__                     
ffffffff  __c_args__                    
UNDEFED   __mpu_init                    
20000000  __stack                       
20000000  __start___llvm_prf_cnts       
20000000  __stop___llvm_prf_cnts        
00002799  _c_int00_noargs               
UNDEFED   _system_post_cinit            
0000286d  _system_pre_init              
00002871  abort                         
200002ec  adc_P                         
200002f0  adc_T                         
ffffffff  binit                         
00001d9b  clearPressedKey               
00001503  controlEnvironmentBMP280      
00001619  controlEnvironmentDHT11       
00002817  copysign                      
00002817  copysignl                     
00001d59  delay_ms                      
200002f8  dig_P1                        
200002fa  dig_P2                        
200002fc  dig_P3                        
200002fe  dig_P4                        
20000300  dig_P5                        
20000302  dig_P6                        
20000304  dig_P7                        
20000306  dig_P8                        
20000308  dig_P9                        
2000030a  dig_T1                        
2000030c  dig_T2                        
2000030e  dig_T3                        
20000330  errno                         
20000310  error                         
00000bd9  esperar                       
00000000  g_pfnVectors                  
00001cdb  getPressedKey                 
000028a8  keymap                        
00001f09  ldexp                         
00001f09  ldexpl                        
2000031c  light_duty_cycle              
00001355  main                          
000022d9  memcpy                        
0000251f  memset                        
000013ef  menu                          
20000318  motor_duty_cycle              
00000209  pow                           
00000209  powl                          
000016dd  resetSystem                   
00001f09  scalbn                        
00001f09  scalbnl                       
20000314  sensor_selected               
00001c89  setupKeypad                   
00001379  setupSystem                   
00001b31  sqrt                          
00001b31  sqrtl                         
200002f4  t_fine                        
20000334  timer_flag                    


GLOBAL SYMBOLS: SORTED BY Symbol Address 

address   name                          
-------   ----                          
00000000  __TI_static_base__            
00000000  g_pfnVectors                  
00000200  __STACK_SIZE                  
00000209  pow                           
00000209  powl                          
00000bd9  esperar                       
00000c19  I2C_Init                      
00000c8d  BMP280_I2C_Init               
00000ce5  ReadDataBMP280_I2C            
00000f99  Read_Temp_BMP280_I2C          
0000109d  Read_Pres_BMP280_I2C          
000012b1  Read_Heig_BMP280_I2C          
00001355  main                          
00001379  setupSystem                   
000013ef  menu                          
00001503  controlEnvironmentBMP280      
00001619  controlEnvironmentDHT11       
000016dd  resetSystem                   
00001769  GPIO_Init                     
00001787  Timer_Init                    
000017c1  Timer_DelayUs                 
000017ed  Timer0A_Handler               
000017fb  DHT_Init                      
00001807  DHT_StartSignal               
0000184b  DHT_ReadData                  
00001979  __aeabi_dsub                  
00001983  __aeabi_dadd                  
00001b2f  __aeabi_idiv0                 
00001b2f  __aeabi_ldiv0                 
00001b31  sqrt                          
00001b31  sqrtl                         
00001c89  setupKeypad                   
00001cdb  getPressedKey                 
00001d59  delay_ms                      
00001d9b  clearPressedKey               
00001dd1  __aeabi_ddiv                  
00001f09  ldexp                         
00001f09  ldexpl                        
00001f09  scalbn                        
00001f09  scalbnl                       
00002019  __aeabi_dmul                  
00002115  ConfigurarPWM                 
00002195  ModificarCicloTrabajo         
000021f9  ConfigurarPWM1                
00002273  ModificarCicloTrabajo1        
000022d9  __aeabi_memcpy                
000022d9  __aeabi_memcpy4               
000022d9  __aeabi_memcpy8               
000022d9  memcpy                        
00002375  __aeabi_uldivmod              
0000240b  __aeabi_cdcmpeq               
0000240b  __aeabi_cdcmple               
00002491  __aeabi_cdrcmple              
00002517  __aeabi_memclr                
00002517  __aeabi_memclr4               
00002517  __aeabi_memclr8               
00002519  __aeabi_memset                
00002519  __aeabi_memset4               
00002519  __aeabi_memset8               
0000251f  memset                        
00002591  __aeabi_d2f                   
000025ff  __aeabi_ldivmod               
0000266d  __TI_decompress_lzss          
000026d5  __aeabi_l2f                   
0000271d  __TI_auto_init_nobinit_nopinit
00002761  __aeabi_f2d                   
00002799  _c_int00_noargs               
000027cd  __aeabi_i2d                   
000027fb  __TI_zero_init_nomemset       
00002817  copysign                      
00002817  copysignl                     
00002831  __aeabi_lmul                  
00002849  __TI_decompress_none          
00002857  ResetISR                      
00002865  __aeabi_errno_addr            
0000286d  _system_pre_init              
00002871  C$$EXIT                       
00002871  abort                         
000028a8  keymap                        
000028cc  __TI_Handler_Table_Base       
000028d8  __TI_Handler_Table_Limit      
000028e0  __TI_CINIT_Base               
000028f0  __TI_CINIT_Limit              
20000000  __stack                       
20000000  __start___llvm_prf_cnts       
20000000  __stop___llvm_prf_cnts        
20000200  D_Aux                         
20000200  __STACK_END                   
20000200  __STACK_TOP                   
200002b0  Dato                          
200002e0  D                             
200002ec  adc_P                         
200002f0  adc_T                         
200002f4  t_fine                        
200002f8  dig_P1                        
200002fa  dig_P2                        
200002fc  dig_P3                        
200002fe  dig_P4                        
20000300  dig_P5                        
20000302  dig_P6                        
20000304  dig_P7                        
20000306  dig_P8                        
20000308  dig_P9                        
2000030a  dig_T1                        
2000030c  dig_T2                        
2000030e  dig_T3                        
20000310  error                         
20000314  sensor_selected               
20000318  motor_duty_cycle              
2000031c  light_duty_cycle              
2000032c  TPR                           
20000330  errno                         
20000334  timer_flag                    
ffffffff  __TI_pprof_out_hndl           
ffffffff  __TI_prof_data_size           
ffffffff  __TI_prof_data_start          
ffffffff  __binit__                     
ffffffff  __c_args__                    
ffffffff  binit                         
UNDEFED   __mpu_init                    
UNDEFED   _system_post_cinit            

[121 symbols]
